// Jest Snapshot v1, https://goo.gl/fbAQLP

exports[`ExportDialog should match snapshot. 1`] = `
<div
  className="wkp-pagination-wrapper"
>
  <span
    className="wkp-pagination-button-wrapper"
  />
  1
   
  von
   
  3
  <span
    className="wkp-pagination-button-wrapper"
  >
    <div
      className="wkp-pagination-button"
      onClick={[Function]}
      onKeyPress={[Function]}
      role="button"
      tabIndex={0}
    >
      <svg
        fill="currentColor"
        height="1em"
        stroke="currentColor"
        strokeWidth="0"
        style={
          Object {
            "color": undefined,
          }
        }
        viewBox="0 0 512 512"
        width="1em"
        xmlns="http://www.w3.org/2000/svg"
      >
        <path
          d="M295.6 163.7c-5.1 5-5.1 13.3-.1 18.4l60.8 60.9H124.9c-7.1 0-12.9 5.8-12.9 13s5.8 13 12.9 13h231.3l-60.8 60.9c-5 5.1-4.9 13.3.1 18.4 5.1 5 13.2 5 18.3-.1l82.4-83c1.1-1.2 2-2.5 2.7-4.1.7-1.6 1-3.3 1-5 0-3.4-1.3-6.6-3.7-9.1l-82.4-83c-4.9-5.2-13.1-5.3-18.2-.3z"
        />
      </svg>
    </div>
  </span>
</div>
`;
