// Jest Snapshot v1, https://goo.gl/fbAQLP

exports[`AppRouter should match snapshot 1`] = `
<div
  className="tm-app header footer menu permalink mapControls popup baseLayerToggler"
>
  <div
    className="tm-map"
    role="menu"
    tabIndex={0}
  />
  <div>
    <div
      className="wkp-header"
    >
      <div
        className="tm-header-left"
      />
      <div
        className="wkp-header-right"
      >
        <img
          alt="SBB Logo"
          src="sbb-logo.png"
        />
      </div>
    </div>
  </div>
  <div />
  <div>
    <div
      className="wkp-footer"
    >
      <div
        className="wkp-footer-left"
      >
        <div
          className="tm-copyright"
        >
          Geodaten OpenStreetMap contributors, © SBB/CFF/FFS
        </div>
      </div>
      <div
        className="wkp-footer-right"
      >
        <div
          className="tm-mouse-position"
        >
          <select
            className="tm-select"
            onChange={[Function]}
            value="EPSG:21781"
          >
            <option
              value="EPSG:21781"
            >
              CH1093 / LV03
            </option>
            <option
              value="EPSG:2056"
            >
              CH1093+ / LV95
            </option>
            <option
              value="EPSG:3857"
            >
              Web Mercator
            </option>
            <option
              value="EPSG:4326"
            >
              WGS 84
            </option>
          </select>
          <span />
        </div>
        <div
          className="tm-scale-line"
        />
        <select
          className="wkp-language-select"
          onChange={[Function]}
          value="de"
        >
          <option
            value="de"
          >
            DE
          </option>
          <option
            value="fr"
          >
            FR
          </option>
          <option
            value="it"
          >
            IT
          </option>
          <option
            value="en"
          >
            EN
          </option>
        </select>
      </div>
    </div>
  </div>
  <div>
    <div
      className="wkp-menu-wrapper"
    >
      <div
        className="wkp-menu"
      >
        <div
          className="wkp-menu-header"
          onClick={[Function]}
          onKeyPress={[Function]}
          role="button"
          tabIndex="0"
        >
          <div
            className="wkp-menu-header-toggler"
          >
            <div
              className="wkp-menu-header-toggler-icon"
            >
              <img
                alt="Menü"
                src="menu_open.png"
              />
            </div>
            <span
              className="wkp-menu-toggle-text"
            >
              Menü
            </span>
          </div>
          <div
            className="wkp-menu-title "
          >
            ch.sbb.netzkarte
          </div>
          <div
            className="wkp-menu-toggler"
          >
            <svg
              fill="currentColor"
              height="1em"
              stroke="currentColor"
              strokeWidth="0"
              style={
                Object {
                  "color": undefined,
                }
              }
              viewBox="0 0 320 512"
              width="1em"
              xmlns="http://www.w3.org/2000/svg"
            >
              <path
                d="M143 352.3L7 216.3c-9.4-9.4-9.4-24.6 0-33.9l22.6-22.6c9.4-9.4 24.6-9.4 33.9 0l96.4 96.4 96.4-96.4c9.4-9.4 24.6-9.4 33.9 0l22.6 22.6c9.4 9.4 9.4 24.6 0 33.9l-136 136c-9.2 9.4-24.4 9.4-33.8 0z"
              />
            </svg>
          </div>
          <div
            className="wkp-menu-layers hidden"
          >
            
          </div>
        </div>
        <div
          className=" wkp-collapsible-vertical"
          style={
            Object {
              "maxHeight": 0,
            }
          }
        >
          <div
            className="wkp-menu-body"
          >
            <div
              className="wkp-topic-menu"
            >
              <div
                className="wkp-topic-menu-item"
                onClick={[Function]}
                onKeyPress={[Function]}
                role="button"
                tabIndex={0}
              >
                <div
                  className="wkp-topic-title"
                >
                  <div
                    className="wkp-topic-radio"
                  >
                    <div
                      className="wkp-topic-radio-dot"
                    />
                  </div>
                  ch.sbb.netzkarte
                </div>
                <div
                  className="wkp-layer-toggler "
                  style={
                    Object {
                      "display": "block",
                    }
                  }
                />
              </div>
              <div
                className="wkp-topic-content"
              >
                <div
                  className="wkp-layer-tree"
                />
              </div>
            </div>
            <div
              className="wkp-topic-menu"
            >
              <div
                className="wkp-topic-menu-item"
                onClick={[Function]}
                onKeyPress={[Function]}
                role="button"
                tabIndex={0}
              >
                <div
                  className="wkp-topic-title"
                >
                  <div
                    className="wkp-topic-radio"
                  />
                  ch.sbb.construction
                </div>
                <div
                  className="wkp-layer-toggler collapsed"
                  style={
                    Object {
                      "display": "none",
                    }
                  }
                />
              </div>
              <div
                className="wkp-topic-content"
              >
                <div
                  className="wkp-layer-tree"
                />
              </div>
            </div>
            <div
              className="wkp-topic-menu"
            >
              <div
                className="wkp-topic-menu-item"
                onClick={[Function]}
                onKeyPress={[Function]}
                role="button"
                tabIndex={0}
              >
                <div
                  className="wkp-topic-title"
                >
                  <div
                    className="wkp-topic-radio"
                  />
                  ch.sbb.behig
                </div>
                <div
                  className="wkp-layer-toggler collapsed"
                  style={
                    Object {
                      "display": "none",
                    }
                  }
                />
              </div>
              <div
                className="wkp-topic-content"
              >
                <div
                  className="wkp-layer-tree"
                />
              </div>
            </div>
            <div
              className="wkp-topic-menu"
            >
              <div
                className="wkp-topic-menu-item"
                onClick={[Function]}
                onKeyPress={[Function]}
                role="button"
                tabIndex={0}
              >
                <div
                  className="wkp-topic-title"
                >
                  <div
                    className="wkp-topic-radio"
                  />
                  ch.sbb.infrastruktur
                </div>
                <div
                  className="wkp-layer-toggler collapsed"
                  style={
                    Object {
                      "display": "none",
                    }
                  }
                />
              </div>
              <div
                className="wkp-topic-content"
              >
                <div
                  className="wkp-layer-tree"
                />
              </div>
            </div>
            <div
              className="wkp-topic-menu"
            >
              <div
                className="wkp-topic-menu-item"
                onClick={[Function]}
                onKeyPress={[Function]}
                role="button"
                tabIndex={0}
              >
                <div
                  className="wkp-topic-title"
                >
                  <div
                    className="wkp-topic-radio"
                  />
                  ch.sbb.regionenkarte.public
                </div>
                <div
                  className="wkp-layer-toggler collapsed"
                  style={
                    Object {
                      "display": "none",
                    }
                  }
                />
              </div>
              <div
                className="wkp-topic-content"
              >
                <div
                  className="wkp-layer-tree"
                />
              </div>
            </div>
            <div
              className="wkp-topic-menu"
            >
              <div
                className="wkp-topic-menu-item"
                onClick={[Function]}
                onKeyPress={[Function]}
                role="button"
                tabIndex={0}
              >
                <div
                  className="wkp-topic-title"
                >
                  <div
                    className="wkp-topic-radio"
                  />
                  ch.sbb.tarifverbundkarte.public
                </div>
                <div
                  className="wkp-layer-toggler collapsed"
                  style={
                    Object {
                      "display": "none",
                    }
                  }
                />
              </div>
              <div
                className="wkp-topic-content"
              >
                <div
                  className="wkp-layer-tree"
                />
              </div>
            </div>
          </div>
          <div
            className="wkp-menu-item wkp-share-menu "
          >
            <div
              className="wkp-menu-item-header open"
              onClick={[Function]}
              onKeyPress={[Function]}
              role="button"
              tabIndex={0}
            >
              <div
                className="wkp-menu-item-header-icon"
              >
                <svg
                  fill="currentColor"
                  height="1em"
                  stroke="currentColor"
                  strokeWidth="0"
                  style={
                    Object {
                      "color": undefined,
                    }
                  }
                  viewBox="0 0 448 512"
                  width="1em"
                  xmlns="http://www.w3.org/2000/svg"
                >
                  <path
                    d="M352 320c-22.608 0-43.387 7.819-59.79 20.895l-102.486-64.054a96.551 96.551 0 0 0 0-41.683l102.486-64.054C308.613 184.181 329.392 192 352 192c53.019 0 96-42.981 96-96S405.019 0 352 0s-96 42.981-96 96c0 7.158.79 14.13 2.276 20.841L155.79 180.895C139.387 167.819 118.608 160 96 160c-53.019 0-96 42.981-96 96s42.981 96 96 96c22.608 0 43.387-7.819 59.79-20.895l102.486 64.054A96.301 96.301 0 0 0 256 416c0 53.019 42.981 96 96 96s96-42.981 96-96-42.981-96-96-96z"
                  />
                </svg>
              </div>
              <div
                className="wkp-menu-item-header-title"
              >
                Teilen
              </div>
              <div
                className="wkp-menu-item-header-toggler"
              >
                <svg
                  fill="currentColor"
                  height="1em"
                  stroke="currentColor"
                  strokeWidth="0"
                  style={
                    Object {
                      "color": undefined,
                    }
                  }
                  viewBox="0 0 320 512"
                  width="1em"
                  xmlns="http://www.w3.org/2000/svg"
                >
                  <path
                    d="M177 159.7l136 136c9.4 9.4 9.4 24.6 0 33.9l-22.6 22.6c-9.4 9.4-24.6 9.4-33.9 0L160 255.9l-96.4 96.4c-9.4 9.4-24.6 9.4-33.9 0L7 329.7c-9.4-9.4-9.4-24.6 0-33.9l136-136c9.4-9.5 24.6-9.5 34-.1z"
                  />
                </svg>
              </div>
            </div>
            <div
              className=" wkp-collapsible-vertical"
              style={
                Object {
                  "maxHeight": null,
                }
              }
            >
              <div
                className="wkp-share"
              >
                <div
                  className="ta-facebook-icon"
                >
                  <a
                    href="//www.facebook.com/sharer.php?u=http://localhost/ch.sbb.netzkarte"
                    rel="noopener noreferrer"
                    tabIndex="0"
                    target="_blank"
                    title="Auf Facebook teilen."
                  >
                    <svg
                      baseProfile="tiny"
                      fill="currentColor"
                      focusable={false}
                      height="1em"
                      stroke="currentColor"
                      strokeWidth="0"
                      style={
                        Object {
                          "color": undefined,
                        }
                      }
                      version="1.2"
                      viewBox="0 0 24 24"
                      width="1em"
                      xmlns="http://www.w3.org/2000/svg"
                    >
                      <path
                        d="M13 10h3v3h-3v7h-3v-7h-3v-3h3v-1.255c0-1.189.374-2.691 1.118-3.512.744-.823 1.673-1.233 2.786-1.233h2.096v3h-2.1c-.498 0-.9.402-.9.899v2.101z"
                      />
                    </svg>
                  </a>
                </div>
                <div
                  className="ta-twitter-icon"
                >
                  <a
                    href="//twitter.com/intent/tweet?url=http://localhost/ch.sbb.netzkarte"
                    rel="noopener noreferrer"
                    tabIndex="0"
                    target="_blank"
                    title="Twittern."
                  >
                    <svg
                      baseProfile="tiny"
                      fill="currentColor"
                      focusable={false}
                      height="1em"
                      stroke="currentColor"
                      strokeWidth="0"
                      style={
                        Object {
                          "color": undefined,
                        }
                      }
                      version="1.2"
                      viewBox="0 0 24 24"
                      width="1em"
                      xmlns="http://www.w3.org/2000/svg"
                    >
                      <path
                        d="M18.89 7.012c.808-.496 1.343-1.173 1.605-2.034-.786.417-1.569.703-2.351.861-.703-.756-1.593-1.14-2.66-1.14-1.043 0-1.924.366-2.643 1.078-.715.717-1.076 1.588-1.076 2.605 0 .309.039.585.117.819-3.076-.105-5.622-1.381-7.628-3.837-.34.601-.51 1.213-.51 1.846 0 1.301.549 2.332 1.645 3.089-.625-.053-1.176-.211-1.645-.47 0 .929.273 1.705.82 2.388.549.676 1.254 1.107 2.115 1.291-.312.08-.641.118-.979.118-.312 0-.533-.026-.664-.083.23.757.664 1.371 1.291 1.841.625.472 1.344.721 2.152.743-1.332 1.045-2.855 1.562-4.578 1.562-.422 0-.721-.006-.902-.038 1.697 1.102 3.586 1.649 5.676 1.649 2.139 0 4.029-.542 5.674-1.626 1.645-1.078 2.859-2.408 3.639-3.974.784-1.564 1.172-3.192 1.172-4.892v-.468c.758-.57 1.371-1.212 1.84-1.921-.68.293-1.383.492-2.11.593z"
                      />
                    </svg>
                  </a>
                </div>
                <div
                  className="ta-mail-icon"
                >
                  <a
                    href="mailto:?body=http://localhost/ch.sbb.netzkarte"
                    rel="noopener noreferrer"
                    tabIndex="0"
                    target="_blank"
                    title="Per Email teilen."
                  >
                    <svg
                      fill="none"
                      focusable={false}
                      height="1em"
                      stroke="currentColor"
                      strokeLinecap="round"
                      strokeLinejoin="round"
                      strokeWidth="2"
                      style={
                        Object {
                          "color": undefined,
                        }
                      }
                      viewBox="0 0 24 24"
                      width="1em"
                      xmlns="http://www.w3.org/2000/svg"
                    >
                      <path
                        d="M4 4h16c1.1 0 2 .9 2 2v12c0 1.1-.9 2-2 2H4c-1.1 0-2-.9-2-2V6c0-1.1.9-2 2-2z"
                      />
                      <polyline
                        points="22,6 12,13 2,6"
                      />
                    </svg>
                  </a>
                </div>
                <div
                  aria-label="Karte als Bild speichern"
                  className="tm-canvas-save-button tm-button"
                  onClick={[Function]}
                  onKeyPress={[Function]}
                  role="button"
                  tabIndex={0}
                  title="Karte als Bild speichern"
                >
                  <svg
                    baseProfile="tiny"
                    fill="currentColor"
                    focusable={false}
                    height="1em"
                    stroke="currentColor"
                    strokeWidth="0"
                    style={
                      Object {
                        "color": undefined,
                      }
                    }
                    version="1.2"
                    viewBox="0 0 24 24"
                    width="1em"
                    xmlns="http://www.w3.org/2000/svg"
                  >
                    <circle
                      cx="8.5"
                      cy="8.501"
                      r="2.5"
                    />
                    <path
                      d="M16 10c-2 0-3 3-4.5 3s-1.499-1-3.5-1c-2 0-3.001 4-3.001 4h14.001s-1-6-3-6zM20 3h-16c-1.103 0-2 .897-2 2v12c0 1.103.897 2 2 2h16c1.103 0 2-.897 2-2v-12c0-1.103-.897-2-2-2zm0 14h-16v-12h16v12z"
                    />
                  </svg>
                </div>
              </div>
            </div>
          </div>
        </div>
      </div>
      Loading menu...
    </div>
  </div>
  <div />
  <div>
    <div
      className="wkp-map-controls"
    >
      <div
        className="tm-zooms-bar"
      >
        <div
          aria-label="Zoom"
          className="wkp-zoom-in"
          onClick={[Function]}
          onKeyPress={[Function]}
          role="button"
          tabIndex={0}
          title="Zoom"
        >
          <svg
            fill="currentColor"
            focusable={false}
            height="1em"
            stroke="currentColor"
            strokeWidth="0"
            style={
              Object {
                "color": undefined,
              }
            }
            viewBox="0 0 448 512"
            width="1em"
            xmlns="http://www.w3.org/2000/svg"
          >
            <path
              d="M416 208H272V64c0-17.67-14.33-32-32-32h-32c-17.67 0-32 14.33-32 32v144H32c-17.67 0-32 14.33-32 32v32c0 17.67 14.33 32 32 32h144v144c0 17.67 14.33 32 32 32h32c17.67 0 32-14.33 32-32V304h144c17.67 0 32-14.33 32-32v-32c0-17.67-14.33-32-32-32z"
            />
          </svg>
        </div>
        <div
          className="tm-zoomslider-wrapper"
        />
        <div
          aria-label="Zoom"
          className="wkp-zoom-out"
          onClick={[Function]}
          onKeyPress={[Function]}
          role="button"
          tabIndex={0}
          title="Zoom"
        >
          <svg
            fill="currentColor"
            focusable={false}
            height="1em"
            stroke="currentColor"
            strokeWidth="0"
            style={
              Object {
                "color": undefined,
              }
            }
            viewBox="0 0 448 512"
            width="1em"
            xmlns="http://www.w3.org/2000/svg"
          >
            <path
              d="M416 208H32c-17.67 0-32 14.33-32 32v32c0 17.67 14.33 32 32 32h384c17.67 0 32-14.33 32-32v-32c0-17.67-14.33-32-32-32z"
            />
          </svg>
        </div>
      </div>
      <div
        aria-label="Lokalisieren"
        className="wkp-geolocation "
        onClick={[Function]}
        onKeyPress={[Function]}
        role="button"
        tabIndex={0}
        title="Lokalisieren"
      >
        <svg
          fill="currentColor"
          height="1em"
          stroke="currentColor"
          strokeWidth="0"
          style={
            Object {
              "color": undefined,
            }
          }
          viewBox="0 0 512 512"
          width="1em"
          xmlns="http://www.w3.org/2000/svg"
        >
          <path
            d="M256 56c110.532 0 200 89.451 200 200 0 110.532-89.451 200-200 200-110.532 0-200-89.451-200-200 0-110.532 89.451-200 200-200m0-48C119.033 8 8 119.033 8 256s111.033 248 248 248 248-111.033 248-248S392.967 8 256 8zm0 168c-44.183 0-80 35.817-80 80s35.817 80 80 80 80-35.817 80-80-35.817-80-80-80z"
          />
        </svg>
      </div>
      <div
        aria-label="Ganze Schweiz"
        className="wkp-fit-extent"
        onClick={[Function]}
        onKeyPress={[Function]}
        role="button"
        tabIndex={0}
        title="Ganze Schweiz"
      >
        <img
          alt="Ganze Schweiz"
          src="swissbounds.png"
        />
      </div>
    </div>
  </div>
  <div>
    <div
      className="tm-base-layer-toggler"
    >
      <div
        className="tm-map"
        role="menu"
        tabIndex={0}
      />
      <img
        alt={null}
        className="tm-base-layer-item"
        src={null}
        style={
          Object {
            "opacity": 0,
          }
        }
      />
      <div
        className="tm-base-layer-item"
        onClick={[Function]}
        onKeyPress={[Function]}
        role="button"
        tabIndex={0}
      />
      <div
        className="tm-footer"
      >
        <div
          className="tm-base-layer-previous"
          onClick={[Function]}
          onKeyPress={[Function]}
          role="button"
          tabIndex={0}
        >
          <svg
            fill="currentColor"
            height="1em"
            stroke="currentColor"
            strokeWidth="0"
            style={
              Object {
                "color": undefined,
              }
            }
            viewBox="0 0 512 512"
            width="1em"
            xmlns="http://www.w3.org/2000/svg"
          >
            <path
              d="M256 504C119 504 8 393 8 256S119 8 256 8s248 111 248 248-111 248-248 248zm28.9-143.6L209.4 288H392c13.3 0 24-10.7 24-24v-16c0-13.3-10.7-24-24-24H209.4l75.5-72.4c9.7-9.3 9.9-24.8.4-34.3l-11-10.9c-9.4-9.4-24.6-9.4-33.9 0L107.7 239c-9.4 9.4-9.4 24.6 0 33.9l132.7 132.7c9.4 9.4 24.6 9.4 33.9 0l11-10.9c9.5-9.5 9.3-25-.4-34.3z"
            />
          </svg>
        </div>
        <div
          className="tm-base-layer-next"
          onClick={[Function]}
          onKeyPress={[Function]}
          role="button"
          tabIndex={0}
        >
          <svg
            fill="currentColor"
            height="1em"
            stroke="currentColor"
            strokeWidth="0"
            style={
              Object {
                "color": undefined,
              }
            }
            viewBox="0 0 512 512"
            width="1em"
            xmlns="http://www.w3.org/2000/svg"
          >
            <path
              d="M256 8c137 0 248 111 248 248S393 504 256 504 8 393 8 256 119 8 256 8zm-28.9 143.6l75.5 72.4H120c-13.3 0-24 10.7-24 24v16c0 13.3 10.7 24 24 24h182.6l-75.5 72.4c-9.7 9.3-9.9 24.8-.4 34.3l11 10.9c9.4 9.4 24.6 9.4 33.9 0L404.3 273c9.4-9.4 9.4-24.6 0-33.9L271.6 106.3c-9.4-9.4-24.6-9.4-33.9 0l-11 10.9c-9.5 9.6-9.3 25.1.4 34.4z"
            />
          </svg>
        </div>
      </div>
    </div>
  </div>
</div>
`;
